-- The C compiler identification is GNU 14.2.0
-- The CXX compiler identification is GNU 14.2.0
-- Detecting C compiler ABI info
-- Detecting C compiler ABI info - done
-- Check for working C compiler: /usr/bin/cc - skipped
-- Detecting C compile features
-- Detecting C compile features - done
-- Detecting CXX compiler ABI info
-- Detecting CXX compiler ABI info - done
-- Check for working CXX compiler: /usr/bin/c++ - skipped
-- Detecting CXX compile features
-- Detecting CXX compile features - done
-- Found ament_cmake: 2.7.5 (/opt/ros/kilted/share/ament_cmake/cmake)
-- Found Python3: /usr/bin/python3 (found version "3.12.3") found components: Interpreter 
-- Found ament_index_cpp: 1.11.3 (/opt/ros/kilted/share/ament_index_cpp/cmake)
-- Found rclcpp: 29.5.7 (/opt/ros/kilted/share/rclcpp/cmake)
-- Found rosidl_generator_c: 4.9.6 (/opt/ros/kilted/share/rosidl_generator_c/cmake)
-- Found rosidl_generator_cpp: 4.9.6 (/opt/ros/kilted/share/rosidl_generator_cpp/cmake)
-- Using all available rosidl_typesupport_c: rosidl_typesupport_fastrtps_c;rosidl_typesupport_introspection_c
-- Using all available rosidl_typesupport_cpp: rosidl_typesupport_fastrtps_cpp;rosidl_typesupport_introspection_cpp
-- Found rmw_implementation_cmake: 7.8.2 (/opt/ros/kilted/share/rmw_implementation_cmake/cmake)
-- Found rmw_fastrtps_cpp: 9.3.3 (/opt/ros/kilted/share/rmw_fastrtps_cpp/cmake)
-- Found OpenSSL: /usr/lib/x86_64-linux-gnu/libcrypto.so (found version "3.0.13")  
-- Using RMW implementation 'rmw_fastrtps_cpp' as default
-- Found sensor_msgs: 5.5.2 (/opt/ros/kilted/share/sensor_msgs/cmake)
-- Found Doxygen: /usr/bin/doxygen (found version "1.9.8") found components: doxygen dot 
-- Found ament_lint_auto: 0.19.2 (/opt/ros/kilted/share/ament_lint_auto/cmake)
-- Added test 'cppcheck' to perform static code analysis on C / C++ code
-- Configured cppcheck include dirs: /home/jarmibe7/ws_rds/src/rds-powerhouse-software/finger_control/../fingerlib/include
-- Configured cppcheck exclude dirs and/or files: 
-- Added test 'flake8' to check Python code syntax and style conventions
-- Configured 'flake8' exclude dirs and/or files: 
-- Added test 'lint_cmake' to check CMake code style
-- Added test 'pep257' to check Python code against some of the docstring style conventions in PEP 257
-- Added test 'uncrustify' to check C / C++ code style
-- Configured uncrustify additional arguments: 
-- Added test 'xmllint' to check XML markup files
-- Configuring done (1.8s)
-- Generating done (0.0s)
-- Build files have been written to: /home/jarmibe7/ws_rds/src/rds-powerhouse-software/build/finger_control
[ 28%] [32mBuilding CXX object CMakeFiles/fingerlib.dir/home/jarmibe7/ws_rds/src/rds-powerhouse-software/fingerlib/src/jacobian_lookup.cpp.o[0m
[ 28%] [32mBuilding CXX object CMakeFiles/fingerlib.dir/home/jarmibe7/ws_rds/src/rds-powerhouse-software/fingerlib/src/kinematics.cpp.o[0m
[ 42%] [32m[1mLinking CXX static library libfingerlib.a[0m
[ 42%] Built target fingerlib
[ 71%] [32mBuilding CXX object CMakeFiles/finger_pd_control.dir/src/finger_pd_control.cpp.o[0m
[ 71%] [32mBuilding CXX object CMakeFiles/finger_motor_control.dir/src/finger_motor_control.cpp.o[0m
[ 85%] [32m[1mLinking CXX executable finger_pd_control[0m
[ 85%] Built target finger_pd_control
[100%] [32m[1mLinking CXX executable finger_motor_control[0m
[100%] Built target finger_motor_control
-- Install configuration: ""
-- Installing: /home/jarmibe7/ws_rds/src/rds-powerhouse-software/install/finger_control/lib/finger_control/finger_target_gui.py
-- Installing: /home/jarmibe7/ws_rds/src/rds-powerhouse-software/install/finger_control/lib/finger_control/finger_torque_gui.py
-- Installing: /home/jarmibe7/ws_rds/src/rds-powerhouse-software/install/finger_control/lib/finger_control/finger_pd_control
-- Set non-toolchain portion of runtime path of "/home/jarmibe7/ws_rds/src/rds-powerhouse-software/install/finger_control/lib/finger_control/finger_pd_control" to ""
-- Installing: /home/jarmibe7/ws_rds/src/rds-powerhouse-software/install/finger_control/lib/finger_control/finger_motor_control
-- Set non-toolchain portion of runtime path of "/home/jarmibe7/ws_rds/src/rds-powerhouse-software/install/finger_control/lib/finger_control/finger_motor_control" to ""
-- Installing: /home/jarmibe7/ws_rds/src/rds-powerhouse-software/install/finger_control/share/finger_control/launch
-- Installing: /home/jarmibe7/ws_rds/src/rds-powerhouse-software/install/finger_control/share/finger_control/config
-- Installing: /home/jarmibe7/ws_rds/src/rds-powerhouse-software/install/finger_control/share/finger_control/config/finger_pd_control.yaml
-- Installing: /home/jarmibe7/ws_rds/src/rds-powerhouse-software/install/finger_control/share/ament_index/resource_index/package_run_dependencies/finger_control
-- Installing: /home/jarmibe7/ws_rds/src/rds-powerhouse-software/install/finger_control/share/ament_index/resource_index/parent_prefix_path/finger_control
-- Installing: /home/jarmibe7/ws_rds/src/rds-powerhouse-software/install/finger_control/share/finger_control/environment/ament_prefix_path.sh
-- Installing: /home/jarmibe7/ws_rds/src/rds-powerhouse-software/install/finger_control/share/finger_control/environment/ament_prefix_path.dsv
-- Installing: /home/jarmibe7/ws_rds/src/rds-powerhouse-software/install/finger_control/share/finger_control/environment/path.sh
-- Installing: /home/jarmibe7/ws_rds/src/rds-powerhouse-software/install/finger_control/share/finger_control/environment/path.dsv
-- Installing: /home/jarmibe7/ws_rds/src/rds-powerhouse-software/install/finger_control/share/finger_control/local_setup.bash
-- Installing: /home/jarmibe7/ws_rds/src/rds-powerhouse-software/install/finger_control/share/finger_control/local_setup.sh
-- Installing: /home/jarmibe7/ws_rds/src/rds-powerhouse-software/install/finger_control/share/finger_control/local_setup.zsh
-- Installing: /home/jarmibe7/ws_rds/src/rds-powerhouse-software/install/finger_control/share/finger_control/local_setup.dsv
-- Installing: /home/jarmibe7/ws_rds/src/rds-powerhouse-software/install/finger_control/share/finger_control/package.dsv
-- Installing: /home/jarmibe7/ws_rds/src/rds-powerhouse-software/install/finger_control/share/ament_index/resource_index/packages/finger_control
-- Installing: /home/jarmibe7/ws_rds/src/rds-powerhouse-software/install/finger_control/share/finger_control/cmake/finger_controlConfig.cmake
-- Installing: /home/jarmibe7/ws_rds/src/rds-powerhouse-software/install/finger_control/share/finger_control/cmake/finger_controlConfig-version.cmake
-- Installing: /home/jarmibe7/ws_rds/src/rds-powerhouse-software/install/finger_control/share/finger_control/package.xml
