[0.010s] Invoking command in '/home/jarmibe7/ws_rds/src/rds-powerhouse-software/build/finger_control': CMAKE_PREFIX_PATH=/home/jarmibe7/ws_rds/src/rds-powerhouse-software/install/fingerlib:/home/jarmibe7/ws_drake_ros/install/drake_ros:/opt/ros/kilted/opt/gz_math_vendor:/opt/ros/kilted/opt/gz_utils_vendor:/opt/ros/kilted/opt/gz_cmake_vendor:/opt/ros/kilted DEBUGINFOD_URLS=https://debuginfod.ubuntu.com PATH=/home/jarmibe7/ws_rds/src/rds-powerhouse-software/install/fingerlib/bin:${PATH} /usr/bin/cmake /home/jarmibe7/ws_rds/src/rds-powerhouse-software/finger_control -DCMAKE_INSTALL_PREFIX=/home/jarmibe7/ws_rds/src/rds-powerhouse-software/install/finger_control
[0.074s] -- The C compiler identification is GNU 14.2.0
[0.148s] -- The CXX compiler identification is GNU 14.2.0
[0.239s] -- Detecting C compiler ABI info
[0.534s] -- Detecting C compiler ABI info - done
[0.550s] -- Check for working C compiler: /usr/bin/cc - skipped
[0.550s] -- Detecting C compile features
[0.551s] -- Detecting C compile features - done
[0.564s] -- Detecting CXX compiler ABI info
[0.693s] -- Detecting CXX compiler ABI info - done
[0.710s] -- Check for working CXX compiler: /usr/bin/c++ - skipped
[0.711s] -- Detecting CXX compile features
[0.712s] -- Detecting CXX compile features - done
[0.716s] -- Found ament_cmake: 2.7.5 (/opt/ros/kilted/share/ament_cmake/cmake)
[0.909s] -- Found Python3: /usr/bin/python3 (found version "3.12.3") found components: Interpreter 
[1.042s] -- Found ament_index_cpp: 1.11.3 (/opt/ros/kilted/share/ament_index_cpp/cmake)
[1.045s] -- Found rclcpp: 29.5.7 (/opt/ros/kilted/share/rclcpp/cmake)
[1.085s] -- Found rosidl_generator_c: 4.9.6 (/opt/ros/kilted/share/rosidl_generator_c/cmake)
[1.104s] -- Found rosidl_generator_cpp: 4.9.6 (/opt/ros/kilted/share/rosidl_generator_cpp/cmake)
[1.127s] -- Using all available rosidl_typesupport_c: rosidl_typesupport_fastrtps_c;rosidl_typesupport_introspection_c
[1.151s] -- Using all available rosidl_typesupport_cpp: rosidl_typesupport_fastrtps_cpp;rosidl_typesupport_introspection_cpp
[1.260s] -- Found rmw_implementation_cmake: 7.8.2 (/opt/ros/kilted/share/rmw_implementation_cmake/cmake)
[1.264s] -- Found rmw_fastrtps_cpp: 9.3.3 (/opt/ros/kilted/share/rmw_fastrtps_cpp/cmake)
[1.379s] -- Found OpenSSL: /usr/lib/x86_64-linux-gnu/libcrypto.so (found version "3.0.13")  
[1.394s] -- Using RMW implementation 'rmw_fastrtps_cpp' as default
[1.508s] -- Found sensor_msgs: 5.5.2 (/opt/ros/kilted/share/sensor_msgs/cmake)
[1.636s] -- Found Doxygen: /usr/bin/doxygen (found version "1.9.8") found components: doxygen dot 
[1.682s] -- Found ament_lint_auto: 0.19.2 (/opt/ros/kilted/share/ament_lint_auto/cmake)
[1.806s] -- Added test 'cppcheck' to perform static code analysis on C / C++ code
[1.807s] -- Configured cppcheck include dirs: /home/jarmibe7/ws_rds/src/rds-powerhouse-software/finger_control/../fingerlib/include
[1.807s] -- Configured cppcheck exclude dirs and/or files: 
[1.808s] -- Added test 'flake8' to check Python code syntax and style conventions
[1.808s] -- Configured 'flake8' exclude dirs and/or files: 
[1.810s] -- Added test 'lint_cmake' to check CMake code style
[1.811s] -- Added test 'pep257' to check Python code against some of the docstring style conventions in PEP 257
[1.812s] -- Added test 'uncrustify' to check C / C++ code style
[1.812s] -- Configured uncrustify additional arguments: 
[1.813s] -- Added test 'xmllint' to check XML markup files
[1.815s] -- Configuring done (1.8s)
[1.851s] -- Generating done (0.0s)
[1.866s] -- Build files have been written to: /home/jarmibe7/ws_rds/src/rds-powerhouse-software/build/finger_control
[1.879s] Invoked command in '/home/jarmibe7/ws_rds/src/rds-powerhouse-software/build/finger_control' returned '0': CMAKE_PREFIX_PATH=/home/jarmibe7/ws_rds/src/rds-powerhouse-software/install/fingerlib:/home/jarmibe7/ws_drake_ros/install/drake_ros:/opt/ros/kilted/opt/gz_math_vendor:/opt/ros/kilted/opt/gz_utils_vendor:/opt/ros/kilted/opt/gz_cmake_vendor:/opt/ros/kilted DEBUGINFOD_URLS=https://debuginfod.ubuntu.com PATH=/home/jarmibe7/ws_rds/src/rds-powerhouse-software/install/fingerlib/bin:${PATH} /usr/bin/cmake /home/jarmibe7/ws_rds/src/rds-powerhouse-software/finger_control -DCMAKE_INSTALL_PREFIX=/home/jarmibe7/ws_rds/src/rds-powerhouse-software/install/finger_control
[1.881s] Invoking command in '/home/jarmibe7/ws_rds/src/rds-powerhouse-software/build/finger_control': CMAKE_PREFIX_PATH=/home/jarmibe7/ws_rds/src/rds-powerhouse-software/install/fingerlib:/home/jarmibe7/ws_drake_ros/install/drake_ros:/opt/ros/kilted/opt/gz_math_vendor:/opt/ros/kilted/opt/gz_utils_vendor:/opt/ros/kilted/opt/gz_cmake_vendor:/opt/ros/kilted DEBUGINFOD_URLS=https://debuginfod.ubuntu.com PATH=/home/jarmibe7/ws_rds/src/rds-powerhouse-software/install/fingerlib/bin:${PATH} /usr/bin/cmake --build /home/jarmibe7/ws_rds/src/rds-powerhouse-software/build/finger_control -- -j8 -l8
[1.937s] [ 28%] [32mBuilding CXX object CMakeFiles/fingerlib.dir/home/jarmibe7/ws_rds/src/rds-powerhouse-software/fingerlib/src/jacobian_lookup.cpp.o[0m
[1.937s] [ 28%] [32mBuilding CXX object CMakeFiles/fingerlib.dir/home/jarmibe7/ws_rds/src/rds-powerhouse-software/fingerlib/src/kinematics.cpp.o[0m
[11.395s] [ 42%] [32m[1mLinking CXX static library libfingerlib.a[0m
[11.495s] [ 42%] Built target fingerlib
[11.519s] [ 71%] [32mBuilding CXX object CMakeFiles/finger_pd_control.dir/src/finger_pd_control.cpp.o[0m
[11.519s] [ 71%] [32mBuilding CXX object CMakeFiles/finger_motor_control.dir/src/finger_motor_control.cpp.o[0m
[50.545s] [ 85%] [32m[1mLinking CXX executable finger_pd_control[0m
[51.037s] [ 85%] Built target finger_pd_control
[58.371s] [100%] [32m[1mLinking CXX executable finger_motor_control[0m
[58.977s] [100%] Built target finger_motor_control
[58.990s] Invoked command in '/home/jarmibe7/ws_rds/src/rds-powerhouse-software/build/finger_control' returned '0': CMAKE_PREFIX_PATH=/home/jarmibe7/ws_rds/src/rds-powerhouse-software/install/fingerlib:/home/jarmibe7/ws_drake_ros/install/drake_ros:/opt/ros/kilted/opt/gz_math_vendor:/opt/ros/kilted/opt/gz_utils_vendor:/opt/ros/kilted/opt/gz_cmake_vendor:/opt/ros/kilted DEBUGINFOD_URLS=https://debuginfod.ubuntu.com PATH=/home/jarmibe7/ws_rds/src/rds-powerhouse-software/install/fingerlib/bin:${PATH} /usr/bin/cmake --build /home/jarmibe7/ws_rds/src/rds-powerhouse-software/build/finger_control -- -j8 -l8
[58.991s] Invoking command in '/home/jarmibe7/ws_rds/src/rds-powerhouse-software/build/finger_control': CMAKE_PREFIX_PATH=/home/jarmibe7/ws_rds/src/rds-powerhouse-software/install/fingerlib:/home/jarmibe7/ws_drake_ros/install/drake_ros:/opt/ros/kilted/opt/gz_math_vendor:/opt/ros/kilted/opt/gz_utils_vendor:/opt/ros/kilted/opt/gz_cmake_vendor:/opt/ros/kilted DEBUGINFOD_URLS=https://debuginfod.ubuntu.com PATH=/home/jarmibe7/ws_rds/src/rds-powerhouse-software/install/fingerlib/bin:${PATH} /usr/bin/cmake --install /home/jarmibe7/ws_rds/src/rds-powerhouse-software/build/finger_control
[59.000s] -- Install configuration: ""
[59.000s] -- Installing: /home/jarmibe7/ws_rds/src/rds-powerhouse-software/install/finger_control/lib/finger_control/finger_target_gui.py
[59.000s] -- Installing: /home/jarmibe7/ws_rds/src/rds-powerhouse-software/install/finger_control/lib/finger_control/finger_torque_gui.py
[59.000s] -- Installing: /home/jarmibe7/ws_rds/src/rds-powerhouse-software/install/finger_control/lib/finger_control/finger_pd_control
[59.005s] -- Set non-toolchain portion of runtime path of "/home/jarmibe7/ws_rds/src/rds-powerhouse-software/install/finger_control/lib/finger_control/finger_pd_control" to ""
[59.005s] -- Installing: /home/jarmibe7/ws_rds/src/rds-powerhouse-software/install/finger_control/lib/finger_control/finger_motor_control
[59.015s] -- Set non-toolchain portion of runtime path of "/home/jarmibe7/ws_rds/src/rds-powerhouse-software/install/finger_control/lib/finger_control/finger_motor_control" to ""
[59.015s] -- Installing: /home/jarmibe7/ws_rds/src/rds-powerhouse-software/install/finger_control/share/finger_control/launch
[59.015s] -- Installing: /home/jarmibe7/ws_rds/src/rds-powerhouse-software/install/finger_control/share/finger_control/config
[59.016s] -- Installing: /home/jarmibe7/ws_rds/src/rds-powerhouse-software/install/finger_control/share/finger_control/config/finger_pd_control.yaml
[59.033s] -- Installing: /home/jarmibe7/ws_rds/src/rds-powerhouse-software/install/finger_control/share/ament_index/resource_index/package_run_dependencies/finger_control
[59.033s] -- Installing: /home/jarmibe7/ws_rds/src/rds-powerhouse-software/install/finger_control/share/ament_index/resource_index/parent_prefix_path/finger_control
[59.033s] -- Installing: /home/jarmibe7/ws_rds/src/rds-powerhouse-software/install/finger_control/share/finger_control/environment/ament_prefix_path.sh
[59.034s] -- Installing: /home/jarmibe7/ws_rds/src/rds-powerhouse-software/install/finger_control/share/finger_control/environment/ament_prefix_path.dsv
[59.034s] -- Installing: /home/jarmibe7/ws_rds/src/rds-powerhouse-software/install/finger_control/share/finger_control/environment/path.sh
[59.034s] -- Installing: /home/jarmibe7/ws_rds/src/rds-powerhouse-software/install/finger_control/share/finger_control/environment/path.dsv
[59.034s] -- Installing: /home/jarmibe7/ws_rds/src/rds-powerhouse-software/install/finger_control/share/finger_control/local_setup.bash
[59.034s] -- Installing: /home/jarmibe7/ws_rds/src/rds-powerhouse-software/install/finger_control/share/finger_control/local_setup.sh
[59.035s] -- Installing: /home/jarmibe7/ws_rds/src/rds-powerhouse-software/install/finger_control/share/finger_control/local_setup.zsh
[59.035s] -- Installing: /home/jarmibe7/ws_rds/src/rds-powerhouse-software/install/finger_control/share/finger_control/local_setup.dsv
[59.035s] -- Installing: /home/jarmibe7/ws_rds/src/rds-powerhouse-software/install/finger_control/share/finger_control/package.dsv
[59.035s] -- Installing: /home/jarmibe7/ws_rds/src/rds-powerhouse-software/install/finger_control/share/ament_index/resource_index/packages/finger_control
[59.036s] -- Installing: /home/jarmibe7/ws_rds/src/rds-powerhouse-software/install/finger_control/share/finger_control/cmake/finger_controlConfig.cmake
[59.036s] -- Installing: /home/jarmibe7/ws_rds/src/rds-powerhouse-software/install/finger_control/share/finger_control/cmake/finger_controlConfig-version.cmake
[59.036s] -- Installing: /home/jarmibe7/ws_rds/src/rds-powerhouse-software/install/finger_control/share/finger_control/package.xml
[59.039s] Invoked command in '/home/jarmibe7/ws_rds/src/rds-powerhouse-software/build/finger_control' returned '0': CMAKE_PREFIX_PATH=/home/jarmibe7/ws_rds/src/rds-powerhouse-software/install/fingerlib:/home/jarmibe7/ws_drake_ros/install/drake_ros:/opt/ros/kilted/opt/gz_math_vendor:/opt/ros/kilted/opt/gz_utils_vendor:/opt/ros/kilted/opt/gz_cmake_vendor:/opt/ros/kilted DEBUGINFOD_URLS=https://debuginfod.ubuntu.com PATH=/home/jarmibe7/ws_rds/src/rds-powerhouse-software/install/fingerlib/bin:${PATH} /usr/bin/cmake --install /home/jarmibe7/ws_rds/src/rds-powerhouse-software/build/finger_control
