-- The C compiler identification is GNU 14.2.0
-- The CXX compiler identification is GNU 14.2.0
-- Detecting C compiler ABI info
-- Detecting C compiler ABI info - done
-- Check for working C compiler: /usr/bin/cc - skipped
-- Detecting C compile features
-- Detecting C compile features - done
-- Detecting CXX compiler ABI info
-- Detecting CXX compiler ABI info - done
-- Check for working CXX compiler: /usr/bin/c++ - skipped
-- Detecting CXX compile features
-- Detecting CXX compile features - done
-- Found ament_cmake: 2.7.5 (/opt/ros/kilted/share/ament_cmake/cmake)
-- Found Python3: /usr/bin/python3 (found version "3.12.3") found components: Interpreter 
-- Found rclcpp: 29.5.7 (/opt/ros/kilted/share/rclcpp/cmake)
-- Found rosidl_generator_c: 4.9.6 (/opt/ros/kilted/share/rosidl_generator_c/cmake)
-- Found rosidl_generator_cpp: 4.9.6 (/opt/ros/kilted/share/rosidl_generator_cpp/cmake)
-- Using all available rosidl_typesupport_c: rosidl_typesupport_fastrtps_c;rosidl_typesupport_introspection_c
-- Using all available rosidl_typesupport_cpp: rosidl_typesupport_fastrtps_cpp;rosidl_typesupport_introspection_cpp
-- Found rmw_implementation_cmake: 7.8.2 (/opt/ros/kilted/share/rmw_implementation_cmake/cmake)
-- Found rmw_fastrtps_cpp: 9.3.3 (/opt/ros/kilted/share/rmw_fastrtps_cpp/cmake)
-- Found OpenSSL: /usr/lib/x86_64-linux-gnu/libcrypto.so (found version "3.0.13")  
-- Using RMW implementation 'rmw_fastrtps_cpp' as default
-- Found sensor_msgs: 5.5.2 (/opt/ros/kilted/share/sensor_msgs/cmake)
-- Found Doxygen: /usr/bin/doxygen (found version "1.9.8") found components: doxygen dot 
-- Found ament_lint_auto: 0.19.2 (/opt/ros/kilted/share/ament_lint_auto/cmake)
-- Added test 'cppcheck' to perform static code analysis on C / C++ code
-- Configured cppcheck include dirs: /home/jarmibe7/ws_rds/src/rds-powerhouse-software/finger_description/../fingerlib/include
-- Configured cppcheck exclude dirs and/or files: 
-- Added test 'lint_cmake' to check CMake code style
-- Added test 'uncrustify' to check C / C++ code style
-- Configured uncrustify additional arguments: 
-- Added test 'xmllint' to check XML markup files
-- Configuring done (5.0s)
-- Generating done (0.0s)
-- Build files have been written to: /home/jarmibe7/ws_rds/src/rds-powerhouse-software/build/finger_description
[ 25%] [32mBuilding CXX object CMakeFiles/fingerlib.dir/home/jarmibe7/ws_rds/src/rds-powerhouse-software/fingerlib/src/kinematics.cpp.o[0m
[ 50%] [32m[1mLinking CXX static library libfingerlib.a[0m
[ 50%] Built target fingerlib
[ 75%] [32mBuilding CXX object CMakeFiles/four_bar.dir/src/four_bar.cpp.o[0m
[100%] [32m[1mLinking CXX executable four_bar[0m
[100%] Built target four_bar
-- Install configuration: ""
-- Installing: /home/jarmibe7/ws_rds/src/rds-powerhouse-software/install/finger_description/lib/finger_description/four_bar
-- Set non-toolchain portion of runtime path of "/home/jarmibe7/ws_rds/src/rds-powerhouse-software/install/finger_description/lib/finger_description/four_bar" to ""
-- Installing: /home/jarmibe7/ws_rds/src/rds-powerhouse-software/install/finger_description/share/finger_description/launch
-- Installing: /home/jarmibe7/ws_rds/src/rds-powerhouse-software/install/finger_description/share/finger_description/launch/load_finger.launch.xml
-- Installing: /home/jarmibe7/ws_rds/src/rds-powerhouse-software/install/finger_description/share/finger_description/config
-- Installing: /home/jarmibe7/ws_rds/src/rds-powerhouse-software/install/finger_description/share/finger_description/config/powerhouse_finger.rviz
-- Installing: /home/jarmibe7/ws_rds/src/rds-powerhouse-software/install/finger_description/share/finger_description/config/test_finger.rviz
-- Installing: /home/jarmibe7/ws_rds/src/rds-powerhouse-software/install/finger_description/share/finger_description/urdf
-- Installing: /home/jarmibe7/ws_rds/src/rds-powerhouse-software/install/finger_description/share/finger_description/urdf/powerhouse_finger.urdf.xacro
-- Installing: /home/jarmibe7/ws_rds/src/rds-powerhouse-software/install/finger_description/share/finger_description/urdf/test_finger.urdf.xacro
-- Installing: /home/jarmibe7/ws_rds/src/rds-powerhouse-software/install/finger_description/share/finger_description/urdf/powerhouse_finger_rviz.urdf.xacro
-- Installing: /home/jarmibe7/ws_rds/src/rds-powerhouse-software/install/finger_description/share/finger_description/meshes
-- Installing: /home/jarmibe7/ws_rds/src/rds-powerhouse-software/install/finger_description/share/finger_description/meshes/segment.blend1
-- Installing: /home/jarmibe7/ws_rds/src/rds-powerhouse-software/install/finger_description/share/finger_description/meshes/segment_old.blend
-- Installing: /home/jarmibe7/ws_rds/src/rds-powerhouse-software/install/finger_description/share/finger_description/meshes/segment.blend
-- Installing: /home/jarmibe7/ws_rds/src/rds-powerhouse-software/install/finger_description/share/finger_description/meshes/segment_linkage_complex.blend
-- Installing: /home/jarmibe7/ws_rds/src/rds-powerhouse-software/install/finger_description/share/finger_description/meshes/visual
-- Installing: /home/jarmibe7/ws_rds/src/rds-powerhouse-software/install/finger_description/share/finger_description/meshes/visual/base_link.gltf
-- Installing: /home/jarmibe7/ws_rds/src/rds-powerhouse-software/install/finger_description/share/finger_description/meshes/visual/right_bar.stl
-- Installing: /home/jarmibe7/ws_rds/src/rds-powerhouse-software/install/finger_description/share/finger_description/meshes/visual/mcp_link.bin
-- Installing: /home/jarmibe7/ws_rds/src/rds-powerhouse-software/install/finger_description/share/finger_description/meshes/visual/middle_phalanx.stl
-- Installing: /home/jarmibe7/ws_rds/src/rds-powerhouse-software/install/finger_description/share/finger_description/meshes/visual/base_link.stl
-- Installing: /home/jarmibe7/ws_rds/src/rds-powerhouse-software/install/finger_description/share/finger_description/meshes/visual/distal_phalanx.gltf
-- Installing: /home/jarmibe7/ws_rds/src/rds-powerhouse-software/install/finger_description/share/finger_description/meshes/visual/proximal_phalanx.gltf
-- Installing: /home/jarmibe7/ws_rds/src/rds-powerhouse-software/install/finger_description/share/finger_description/meshes/visual/distal_phalanx.bin
-- Installing: /home/jarmibe7/ws_rds/src/rds-powerhouse-software/install/finger_description/share/finger_description/meshes/visual/mcp_link.gltf
-- Installing: /home/jarmibe7/ws_rds/src/rds-powerhouse-software/install/finger_description/share/finger_description/meshes/visual/base_link.bin
-- Installing: /home/jarmibe7/ws_rds/src/rds-powerhouse-software/install/finger_description/share/finger_description/meshes/visual/left_bar.stl
-- Installing: /home/jarmibe7/ws_rds/src/rds-powerhouse-software/install/finger_description/share/finger_description/meshes/visual/middle_phalanx.bin
-- Installing: /home/jarmibe7/ws_rds/src/rds-powerhouse-software/install/finger_description/share/finger_description/meshes/visual/distal_phalanx.stl
-- Installing: /home/jarmibe7/ws_rds/src/rds-powerhouse-software/install/finger_description/share/finger_description/meshes/visual/left_bar.bin
-- Installing: /home/jarmibe7/ws_rds/src/rds-powerhouse-software/install/finger_description/share/finger_description/meshes/visual/right_bar.gltf
-- Installing: /home/jarmibe7/ws_rds/src/rds-powerhouse-software/install/finger_description/share/finger_description/meshes/visual/proximal_phalanx.stl
-- Installing: /home/jarmibe7/ws_rds/src/rds-powerhouse-software/install/finger_description/share/finger_description/meshes/visual/left_bar.gltf
-- Installing: /home/jarmibe7/ws_rds/src/rds-powerhouse-software/install/finger_description/share/finger_description/meshes/visual/proximal_phalanx.bin
-- Installing: /home/jarmibe7/ws_rds/src/rds-powerhouse-software/install/finger_description/share/finger_description/meshes/visual/right_bar.bin
-- Installing: /home/jarmibe7/ws_rds/src/rds-powerhouse-software/install/finger_description/share/finger_description/meshes/visual/middle_phalanx.gltf
-- Installing: /home/jarmibe7/ws_rds/src/rds-powerhouse-software/install/finger_description/share/finger_description/meshes/visual/mcp_link.stl
-- Installing: /home/jarmibe7/ws_rds/src/rds-powerhouse-software/install/finger_description/share/finger_description/meshes/joint_axes.yaml
-- Installing: /home/jarmibe7/ws_rds/src/rds-powerhouse-software/install/finger_description/share/finger_description/meshes/collision
-- Installing: /home/jarmibe7/ws_rds/src/rds-powerhouse-software/install/finger_description/share/finger_description/meshes/collision/col_middle_phalanx.bin
-- Installing: /home/jarmibe7/ws_rds/src/rds-powerhouse-software/install/finger_description/share/finger_description/meshes/collision/col_proximal_phalanx.gltf
-- Installing: /home/jarmibe7/ws_rds/src/rds-powerhouse-software/install/finger_description/share/finger_description/meshes/collision/col_base_link.bin
-- Installing: /home/jarmibe7/ws_rds/src/rds-powerhouse-software/install/finger_description/share/finger_description/meshes/collision/col_distal_phalanx.stl
-- Installing: /home/jarmibe7/ws_rds/src/rds-powerhouse-software/install/finger_description/share/finger_description/meshes/collision/col_base_link.gltf
-- Installing: /home/jarmibe7/ws_rds/src/rds-powerhouse-software/install/finger_description/share/finger_description/meshes/collision/col_proximal_phalanx.stl
-- Installing: /home/jarmibe7/ws_rds/src/rds-powerhouse-software/install/finger_description/share/finger_description/meshes/collision/col_base_link.stl
-- Installing: /home/jarmibe7/ws_rds/src/rds-powerhouse-software/install/finger_description/share/finger_description/meshes/collision/col_proximal_phalanx.bin
-- Installing: /home/jarmibe7/ws_rds/src/rds-powerhouse-software/install/finger_description/share/finger_description/meshes/collision/col_middle_phalanx.gltf
-- Installing: /home/jarmibe7/ws_rds/src/rds-powerhouse-software/install/finger_description/share/finger_description/meshes/collision/col_mcp_link.stl
-- Installing: /home/jarmibe7/ws_rds/src/rds-powerhouse-software/install/finger_description/share/finger_description/meshes/collision/col_mcp_link.bin
-- Installing: /home/jarmibe7/ws_rds/src/rds-powerhouse-software/install/finger_description/share/finger_description/meshes/collision/col_mcp_link.gltf
-- Installing: /home/jarmibe7/ws_rds/src/rds-powerhouse-software/install/finger_description/share/finger_description/meshes/collision/col_distal_phalanx.gltf
-- Installing: /home/jarmibe7/ws_rds/src/rds-powerhouse-software/install/finger_description/share/finger_description/meshes/collision/col_distal_phalanx.bin
-- Installing: /home/jarmibe7/ws_rds/src/rds-powerhouse-software/install/finger_description/share/finger_description/meshes/collision/col_middle_phalanx.stl
-- Installing: /home/jarmibe7/ws_rds/src/rds-powerhouse-software/install/finger_description/share/ament_index/resource_index/package_run_dependencies/finger_description
-- Installing: /home/jarmibe7/ws_rds/src/rds-powerhouse-software/install/finger_description/share/ament_index/resource_index/parent_prefix_path/finger_description
-- Installing: /home/jarmibe7/ws_rds/src/rds-powerhouse-software/install/finger_description/share/finger_description/environment/ament_prefix_path.sh
-- Installing: /home/jarmibe7/ws_rds/src/rds-powerhouse-software/install/finger_description/share/finger_description/environment/ament_prefix_path.dsv
-- Installing: /home/jarmibe7/ws_rds/src/rds-powerhouse-software/install/finger_description/share/finger_description/environment/path.sh
-- Installing: /home/jarmibe7/ws_rds/src/rds-powerhouse-software/install/finger_description/share/finger_description/environment/path.dsv
-- Installing: /home/jarmibe7/ws_rds/src/rds-powerhouse-software/install/finger_description/share/finger_description/local_setup.bash
-- Installing: /home/jarmibe7/ws_rds/src/rds-powerhouse-software/install/finger_description/share/finger_description/local_setup.sh
-- Installing: /home/jarmibe7/ws_rds/src/rds-powerhouse-software/install/finger_description/share/finger_description/local_setup.zsh
-- Installing: /home/jarmibe7/ws_rds/src/rds-powerhouse-software/install/finger_description/share/finger_description/local_setup.dsv
-- Installing: /home/jarmibe7/ws_rds/src/rds-powerhouse-software/install/finger_description/share/finger_description/package.dsv
-- Installing: /home/jarmibe7/ws_rds/src/rds-powerhouse-software/install/finger_description/share/ament_index/resource_index/packages/finger_description
-- Installing: /home/jarmibe7/ws_rds/src/rds-powerhouse-software/install/finger_description/share/finger_description/cmake/finger_descriptionConfig.cmake
-- Installing: /home/jarmibe7/ws_rds/src/rds-powerhouse-software/install/finger_description/share/finger_description/cmake/finger_descriptionConfig-version.cmake
-- Installing: /home/jarmibe7/ws_rds/src/rds-powerhouse-software/install/finger_description/share/finger_description/package.xml
