-- The C compiler identification is GNU 14.2.0
-- The CXX compiler identification is GNU 14.2.0
-- Detecting C compiler ABI info
-- Detecting C compiler ABI info - done
-- Check for working C compiler: /usr/bin/cc - skipped
-- Detecting C compile features
-- Detecting C compile features - done
-- Detecting CXX compiler ABI info
-- Detecting CXX compiler ABI info - done
-- Check for working CXX compiler: /usr/bin/c++ - skipped
-- Detecting CXX compile features
-- Detecting CXX compile features - done
-- Found Doxygen: /usr/bin/doxygen (found version "1.9.8") found components: doxygen dot 
-- Configuring done (1.9s)
-- Generating done (0.0s)
-- Build files have been written to: /home/jarmibe7/ws_rds/src/rds-powerhouse-software/build/fingerlib
[ 11%] [32mBuilding CXX object CMakeFiles/fingerlib.dir/src/kinematics.cpp.o[0m
[ 22%] [32mBuilding CXX object CMakeFiles/fingerlib.dir/src/jacobian_lookup.cpp.o[0m
[ 33%] [32m[1mLinking CXX static library libfingerlib.a[0m
[ 33%] Built target fingerlib
[ 44%] [32mBuilding CXX object CMakeFiles/precompute_jacobian.dir/src/precompute_jacobian.cpp.o[0m
[ 55%] [32m[1mLinking CXX executable precompute_jacobian[0m
[ 55%] Built target precompute_jacobian
[ 66%] [32mBuilding CXX object CMakeFiles/fingerlib_tests.dir/tests/kinematics_tests.cpp.o[0m
[ 77%] [32mBuilding CXX object CMakeFiles/fingerlib_tests.dir/tests/nnls_tests.cpp.o[0m
[ 88%] [32mBuilding CXX object CMakeFiles/fingerlib_tests.dir/tests/jacobian_lookup_tests.cpp.o[0m
[100%] [32m[1mLinking CXX executable fingerlib_tests[0m
[100%] Built target fingerlib_tests
-- Install configuration: ""
-- Installing: /home/jarmibe7/ws_rds/src/rds-powerhouse-software/install/fingerlib/lib/libfingerlib.a
-- Installing: /home/jarmibe7/ws_rds/src/rds-powerhouse-software/install/fingerlib/bin/precompute_jacobian
-- Installing: /home/jarmibe7/ws_rds/src/rds-powerhouse-software/install/fingerlib/share/fingerlib/config/jacobian_transposes.csv
-- Installing: /home/jarmibe7/ws_rds/src/rds-powerhouse-software/install/fingerlib/lib/cmake/fingerlib/fingerlib-config.cmake
-- Installing: /home/jarmibe7/ws_rds/src/rds-powerhouse-software/install/fingerlib/lib/cmake/fingerlib/fingerlib-config-noconfig.cmake
