[0.014s] Invoking command in '/home/jarmibe7/ws_rds/src/rds-powerhouse-software/build/fingerlib': DEBUGINFOD_URLS=https://debuginfod.ubuntu.com /usr/bin/cmake /home/jarmibe7/ws_rds/src/rds-powerhouse-software/fingerlib -DCMAKE_INSTALL_PREFIX=/home/jarmibe7/ws_rds/src/rds-powerhouse-software/install/fingerlib
[0.327s] -- The C compiler identification is GNU 14.2.0
[0.731s] -- The CXX compiler identification is GNU 14.2.0
[0.788s] -- Detecting C compiler ABI info
[0.964s] -- Detecting C compiler ABI info - done
[0.975s] -- Check for working C compiler: /usr/bin/cc - skipped
[0.975s] -- Detecting C compile features
[0.976s] -- Detecting C compile features - done
[0.988s] -- Detecting CXX compiler ABI info
[1.103s] -- Detecting CXX compiler ABI info - done
[1.115s] -- Check for working CXX compiler: /usr/bin/c++ - skipped
[1.116s] -- Detecting CXX compile features
[1.116s] -- Detecting CXX compile features - done
[1.778s] -- Found Doxygen: /usr/bin/doxygen (found version "1.9.8") found components: doxygen dot 
[1.926s] -- Configuring done (1.9s)
[1.945s] -- Generating done (0.0s)
[1.953s] -- Build files have been written to: /home/jarmibe7/ws_rds/src/rds-powerhouse-software/build/fingerlib
[1.958s] Invoked command in '/home/jarmibe7/ws_rds/src/rds-powerhouse-software/build/fingerlib' returned '0': DEBUGINFOD_URLS=https://debuginfod.ubuntu.com /usr/bin/cmake /home/jarmibe7/ws_rds/src/rds-powerhouse-software/fingerlib -DCMAKE_INSTALL_PREFIX=/home/jarmibe7/ws_rds/src/rds-powerhouse-software/install/fingerlib
[1.960s] Invoking command in '/home/jarmibe7/ws_rds/src/rds-powerhouse-software/build/fingerlib': DEBUGINFOD_URLS=https://debuginfod.ubuntu.com /usr/bin/cmake --build /home/jarmibe7/ws_rds/src/rds-powerhouse-software/build/fingerlib -- -j8 -l8
[2.014s] [ 11%] [32mBuilding CXX object CMakeFiles/fingerlib.dir/src/kinematics.cpp.o[0m
[12.646s] [ 22%] [32mBuilding CXX object CMakeFiles/fingerlib.dir/src/jacobian_lookup.cpp.o[0m
[15.438s] [ 33%] [32m[1mLinking CXX static library libfingerlib.a[0m
[15.640s] [ 33%] Built target fingerlib
[15.720s] [ 44%] [32mBuilding CXX object CMakeFiles/precompute_jacobian.dir/src/precompute_jacobian.cpp.o[0m
[18.154s] [ 55%] [32m[1mLinking CXX executable precompute_jacobian[0m
[18.357s] [ 55%] Built target precompute_jacobian
[18.386s] [ 66%] [32mBuilding CXX object CMakeFiles/fingerlib_tests.dir/tests/kinematics_tests.cpp.o[0m
[23.241s] [ 77%] [32mBuilding CXX object CMakeFiles/fingerlib_tests.dir/tests/nnls_tests.cpp.o[0m
[41.999s] [ 88%] [32mBuilding CXX object CMakeFiles/fingerlib_tests.dir/tests/jacobian_lookup_tests.cpp.o[0m
[45.242s] [100%] [32m[1mLinking CXX executable fingerlib_tests[0m
[45.654s] [100%] Built target fingerlib_tests
[45.666s] Invoked command in '/home/jarmibe7/ws_rds/src/rds-powerhouse-software/build/fingerlib' returned '0': DEBUGINFOD_URLS=https://debuginfod.ubuntu.com /usr/bin/cmake --build /home/jarmibe7/ws_rds/src/rds-powerhouse-software/build/fingerlib -- -j8 -l8
[45.668s] Invoking command in '/home/jarmibe7/ws_rds/src/rds-powerhouse-software/build/fingerlib': DEBUGINFOD_URLS=https://debuginfod.ubuntu.com /usr/bin/cmake --install /home/jarmibe7/ws_rds/src/rds-powerhouse-software/build/fingerlib
[45.677s] -- Install configuration: ""
[45.677s] -- Installing: /home/jarmibe7/ws_rds/src/rds-powerhouse-software/install/fingerlib/lib/libfingerlib.a
[45.683s] -- Installing: /home/jarmibe7/ws_rds/src/rds-powerhouse-software/install/fingerlib/bin/precompute_jacobian
[45.685s] -- Installing: /home/jarmibe7/ws_rds/src/rds-powerhouse-software/install/fingerlib/share/fingerlib/config/jacobian_transposes.csv
[45.685s] -- Installing: /home/jarmibe7/ws_rds/src/rds-powerhouse-software/install/fingerlib/lib/cmake/fingerlib/fingerlib-config.cmake
[45.685s] -- Installing: /home/jarmibe7/ws_rds/src/rds-powerhouse-software/install/fingerlib/lib/cmake/fingerlib/fingerlib-config-noconfig.cmake
[45.688s] Invoked command in '/home/jarmibe7/ws_rds/src/rds-powerhouse-software/build/fingerlib' returned '0': DEBUGINFOD_URLS=https://debuginfod.ubuntu.com /usr/bin/cmake --install /home/jarmibe7/ws_rds/src/rds-powerhouse-software/build/fingerlib
