running egg_info
creating ../build/finger_sim/finger_sim.egg-info
writing ../build/finger_sim/finger_sim.egg-info/PKG-INFO
writing dependency_links to ../build/finger_sim/finger_sim.egg-info/dependency_links.txt
writing entry points to ../build/finger_sim/finger_sim.egg-info/entry_points.txt
writing requirements to ../build/finger_sim/finger_sim.egg-info/requires.txt
writing top-level names to ../build/finger_sim/finger_sim.egg-info/top_level.txt
writing manifest file '../build/finger_sim/finger_sim.egg-info/SOURCES.txt'
reading manifest file '../build/finger_sim/finger_sim.egg-info/SOURCES.txt'
writing manifest file '../build/finger_sim/finger_sim.egg-info/SOURCES.txt'
running build
running build_py
creating /home/jarmibe7/ws_rds/src/rds-powerhouse-software/build/finger_sim/build
creating /home/jarmibe7/ws_rds/src/rds-powerhouse-software/build/finger_sim/build/lib
creating /home/jarmibe7/ws_rds/src/rds-powerhouse-software/build/finger_sim/build/lib/finger_sim
copying finger_sim/build_simulator.py -> /home/jarmibe7/ws_rds/src/rds-powerhouse-software/build/finger_sim/build/lib/finger_sim
copying finger_sim/drake_core_systems.py -> /home/jarmibe7/ws_rds/src/rds-powerhouse-software/build/finger_sim/build/lib/finger_sim
copying finger_sim/main.py -> /home/jarmibe7/ws_rds/src/rds-powerhouse-software/build/finger_sim/build/lib/finger_sim
copying finger_sim/drake_ros_systems.py -> /home/jarmibe7/ws_rds/src/rds-powerhouse-software/build/finger_sim/build/lib/finger_sim
copying finger_sim/__init__.py -> /home/jarmibe7/ws_rds/src/rds-powerhouse-software/build/finger_sim/build/lib/finger_sim
running install
running install_lib
creating /home/jarmibe7/ws_rds/src/rds-powerhouse-software/install/finger_sim/lib/python3.12/site-packages/finger_sim
copying /home/jarmibe7/ws_rds/src/rds-powerhouse-software/build/finger_sim/build/lib/finger_sim/build_simulator.py -> /home/jarmibe7/ws_rds/src/rds-powerhouse-software/install/finger_sim/lib/python3.12/site-packages/finger_sim
copying /home/jarmibe7/ws_rds/src/rds-powerhouse-software/build/finger_sim/build/lib/finger_sim/drake_core_systems.py -> /home/jarmibe7/ws_rds/src/rds-powerhouse-software/install/finger_sim/lib/python3.12/site-packages/finger_sim
copying /home/jarmibe7/ws_rds/src/rds-powerhouse-software/build/finger_sim/build/lib/finger_sim/main.py -> /home/jarmibe7/ws_rds/src/rds-powerhouse-software/install/finger_sim/lib/python3.12/site-packages/finger_sim
copying /home/jarmibe7/ws_rds/src/rds-powerhouse-software/build/finger_sim/build/lib/finger_sim/drake_ros_systems.py -> /home/jarmibe7/ws_rds/src/rds-powerhouse-software/install/finger_sim/lib/python3.12/site-packages/finger_sim
copying /home/jarmibe7/ws_rds/src/rds-powerhouse-software/build/finger_sim/build/lib/finger_sim/__init__.py -> /home/jarmibe7/ws_rds/src/rds-powerhouse-software/install/finger_sim/lib/python3.12/site-packages/finger_sim
byte-compiling /home/jarmibe7/ws_rds/src/rds-powerhouse-software/install/finger_sim/lib/python3.12/site-packages/finger_sim/build_simulator.py to build_simulator.cpython-312.pyc
byte-compiling /home/jarmibe7/ws_rds/src/rds-powerhouse-software/install/finger_sim/lib/python3.12/site-packages/finger_sim/drake_core_systems.py to drake_core_systems.cpython-312.pyc
byte-compiling /home/jarmibe7/ws_rds/src/rds-powerhouse-software/install/finger_sim/lib/python3.12/site-packages/finger_sim/main.py to main.cpython-312.pyc
byte-compiling /home/jarmibe7/ws_rds/src/rds-powerhouse-software/install/finger_sim/lib/python3.12/site-packages/finger_sim/drake_ros_systems.py to drake_ros_systems.cpython-312.pyc
byte-compiling /home/jarmibe7/ws_rds/src/rds-powerhouse-software/install/finger_sim/lib/python3.12/site-packages/finger_sim/__init__.py to __init__.cpython-312.pyc
running install_data
creating /home/jarmibe7/ws_rds/src/rds-powerhouse-software/install/finger_sim/share/ament_index
creating /home/jarmibe7/ws_rds/src/rds-powerhouse-software/install/finger_sim/share/ament_index/resource_index
creating /home/jarmibe7/ws_rds/src/rds-powerhouse-software/install/finger_sim/share/ament_index/resource_index/packages
copying resource/finger_sim -> /home/jarmibe7/ws_rds/src/rds-powerhouse-software/install/finger_sim/share/ament_index/resource_index/packages
copying package.xml -> /home/jarmibe7/ws_rds/src/rds-powerhouse-software/install/finger_sim/share/finger_sim
creating /home/jarmibe7/ws_rds/src/rds-powerhouse-software/install/finger_sim/share/finger_sim/launch
copying launch/sim.launch.xml -> /home/jarmibe7/ws_rds/src/rds-powerhouse-software/install/finger_sim/share/finger_sim/launch
copying launch/sim_tendon.launch.xml -> /home/jarmibe7/ws_rds/src/rds-powerhouse-software/install/finger_sim/share/finger_sim/launch
running install_egg_info
Copying ../build/finger_sim/finger_sim.egg-info to /home/jarmibe7/ws_rds/src/rds-powerhouse-software/install/finger_sim/lib/python3.12/site-packages/finger_sim-0.0.1-py3.12.egg-info
running install_scripts
Installing main script to /home/jarmibe7/ws_rds/src/rds-powerhouse-software/install/finger_sim/lib/finger_sim
writing list of installed files to '/home/jarmibe7/ws_rds/src/rds-powerhouse-software/build/finger_sim/install.log'
